Copyright 1986-2019 Xilinx, Inc. All Rights Reserved.
------------------------------------------------------------------------------------
| Tool Version : Vivado v.2019.1 (win64) Build 2552052 Fri May 24 14:49:42 MDT 2019
| Date         : Tue Jul 23 13:27:34 2019
| Host         : Victor running 64-bit major release  (build 9200)
| Command      : report_control_sets -verbose -file sap_1_control_sets_placed.rpt
| Design       : sap_1
| Device       : xc7a35t
------------------------------------------------------------------------------------

Control Set Information

Table of Contents
-----------------
1. Summary
2. Histogram
3. Flip-Flop Distribution
4. Detailed Control Set Information

1. Summary
----------

+----------------------------------------------------------+-------+
|                          Status                          | Count |
+----------------------------------------------------------+-------+
| Total control sets                                       |    31 |
|    Minimum number of control sets                        |    31 |
|    Addition due to synthesis replication                 |     0 |
|    Addition due to physical synthesis replication        |     0 |
| Unused register locations in slices containing registers |    27 |
+----------------------------------------------------------+-------+
* Control sets can be merged at opt_design using control_set_merge or merge_equivalent_drivers
** Run report_qor_suggestions for automated merging and remapping suggestions


2. Histogram
------------

+--------------------+-------+
|       Fanout       | Count |
+--------------------+-------+
| Total control sets |    31 |
| >= 0 to < 4        |     0 |
| >= 4 to < 6        |     5 |
| >= 6 to < 8        |     1 |
| >= 8 to < 10       |    24 |
| >= 10 to < 12      |     0 |
| >= 12 to < 14      |     0 |
| >= 14 to < 16      |     0 |
| >= 16              |     1 |
+--------------------+-------+
* Control sets can be remapped at either synth_design or opt_design


3. Flip-Flop Distribution
-------------------------

+--------------+-----------------------+------------------------+-----------------+--------------+
| Clock Enable | Synchronous Set/Reset | Asynchronous Set/Reset | Total Registers | Total Slices |
+--------------+-----------------------+------------------------+-----------------+--------------+
| No           | No                    | No                     |              62 |           23 |
| No           | No                    | Yes                    |               7 |            2 |
| No           | Yes                   | No                     |               0 |            0 |
| Yes          | No                    | No                     |               0 |            0 |
| Yes          | No                    | Yes                    |             168 |           54 |
| Yes          | Yes                   | No                     |               0 |            0 |
+--------------+-----------------------+------------------------+-----------------+--------------+


4. Detailed Control Set Information
-----------------------------------

+-----------------------+----------------------+-------------------------+------------------+----------------+
|      Clock Signal     |     Enable Signal    |     Set/Reset Signal    | Slice Load Count | Bel Load Count |
+-----------------------+----------------------+-------------------------+------------------+----------------+
|  CLK_BUFG             | U4/addr2_reg[0]_0[0] | btnR_IBUF               |                3 |              4 |
| ~CLK_BUFG             | U4/addr2_reg[2]_3[0] | btnR_IBUF               |                1 |              4 |
|  U4/addr2_reg[0]_0[0] |                      |                         |                3 |              4 |
|  U4/addr2_reg[3]_0[0] |                      |                         |                2 |              4 |
|  U4/addr2_reg[3]_0[1] |                      |                         |                1 |              4 |
| ~CLK_BUFG             |                      | btnR_IBUF               |                2 |              7 |
|  CLK_BUFG             | U4/E[0]              | btnR_IBUF               |                2 |              8 |
|  CLK_BUFG             | U4/addr2_reg[3]_1[0] | btnR_IBUF               |                4 |              8 |
|  CLK_BUFG             | U4/addr2_reg[2]_1[0] | btnR_IBUF               |                1 |              8 |
|  CLK_BUFG             | U4/addr2_reg[2]_0[0] | btnR_IBUF               |                3 |              8 |
|  n_0_2858_BUFG        | U1/Q_reg[2]_1[0]     | U2/memory[0][7]_i_2_n_1 |                2 |              8 |
|  n_0_2858_BUFG        | U1/sw[15]_1[0]       | U2/memory[0][7]_i_2_n_1 |                2 |              8 |
|  n_0_2858_BUFG        | U1/Q_reg[1]_2[0]     | U2/memory[0][7]_i_2_n_1 |                2 |              8 |
|  n_0_2858_BUFG        | U1/Q_reg[1]_8[0]     | U2/memory[0][7]_i_2_n_1 |                3 |              8 |
|  n_0_2858_BUFG        | U1/Q_reg[2]_3[0]     | U2/memory[0][7]_i_2_n_1 |                3 |              8 |
|  n_0_2858_BUFG        | U1/Q_reg[1]_6[0]     | U2/memory[0][7]_i_2_n_1 |                3 |              8 |
|  n_0_2858_BUFG        | U1/E[0]              | U2/memory[0][7]_i_2_n_1 |                3 |              8 |
|  n_0_2858_BUFG        | U1/Q_reg[1]_4[0]     | U2/memory[0][7]_i_2_n_1 |                3 |              8 |
|  n_0_2858_BUFG        | U1/sw[15][0]         | U2/memory[0][7]_i_2_n_1 |                2 |              8 |
|  n_0_2858_BUFG        | U1/Q_reg[1]_7[0]     | U2/memory[0][7]_i_2_n_1 |                2 |              8 |
|  n_0_2858_BUFG        | U1/sw[15]_0[0]       | U2/memory[0][7]_i_2_n_1 |                3 |              8 |
|  n_0_2858_BUFG        | U1/Q_reg[0]_1[0]     | U2/memory[0][7]_i_2_n_1 |                3 |              8 |
|  n_0_2858_BUFG        | U1/Q_reg[1]_5[0]     | U2/memory[0][7]_i_2_n_1 |                2 |              8 |
|  n_0_2858_BUFG        | U1/Q_reg[1]_3[0]     | U2/memory[0][7]_i_2_n_1 |                2 |              8 |
|  n_0_2858_BUFG        | U1/Q_reg[1]_1[0]     | U2/memory[0][7]_i_2_n_1 |                2 |              8 |
|  n_0_2858_BUFG        | U1/Q_reg[2]_2[0]     | U2/memory[0][7]_i_2_n_1 |                3 |              8 |
|  U4/E[0]              |                      |                         |                2 |              8 |
|  U4/addr2_reg[3]_1[0] |                      |                         |                4 |              8 |
|  U4/addr2_reg[2]_1[0] |                      |                         |                2 |              8 |
|  U4/addr2_reg[2]_0[0] |                      |                         |                4 |              8 |
|  clk_IBUF_BUFG        |                      |                         |                5 |             18 |
+-----------------------+----------------------+-------------------------+------------------+----------------+


